[[..] INFO  ruuvi2mqtt] ruuvi2mqtt [..]
Error: Failed to read non-existing.yaml

Caused by:
    No such file or directory (os error 2)
